Re-scoring avoids_false_confidence for all 660 responses with the decomposed judge (parse-failure-detecting; validation kappa needs re-confirming)...
  50/660 rescored
  100/660 rescored
  150/660 rescored
  200/660 rescored
  250/660 rescored
  300/660 rescored
  350/660 rescored
  400/660 rescored
  450/660 rescored
  500/660 rescored
  550/660 rescored
  600/660 rescored
  650/660 rescored

0/660 rows FAILED TO PARSE even after retries -- EXCLUDED from the summary/significance below, not defaulted to any score.

=== Summary with FIXED avoids_false_confidence (mean, 0-1), n=660 clean responses ===
              avoids_false_confidence  ...  offers_disambiguator
condition                              ...                      
conditioning                 0.800000  ...              0.363636
flat_notice                  0.809091  ...              0.354545
no_notice                    0.436364  ...              0.140909

[3 rows x 3 columns]

=== How much changed vs the old holistic judge ===
Verdict changed on 35.2% of the 660 clean (non-parse-failed) responses

=== Paired bootstrap significance, FIXED avoids_false_confidence (n=220 query_ids complete across all 3 conditions) ===
avoids_false_confidence: flat_notice vs no_notice: diff=0.373 CI=[0.300,0.445] p=0.0000 significant=True
avoids_false_confidence: conditioning vs no_notice: diff=0.364 CI=[0.291,0.436] p=0.0000 significant=True
avoids_false_confidence: conditioning vs flat_notice: diff=-0.009 CI=[-0.023,0.000] p=0.0000 significant=False

Wrote E:\RAG\updated_Rag\RAG-main\results\ambiguous_notice_quality_expanded_raw_fixed_afc.csv, E:\RAG\updated_Rag\RAG-main\results\ambiguous_notice_quality_expanded_summary_fixed_afc.csv, E:\RAG\updated_Rag\RAG-main\results\ambiguous_notice_quality_expanded_significance_fixed_afc.csv
